// Jest Snapshot v1, https://goo.gl/fbAQLP

exports[`Skeleton ImageSwitcher should include hide thumbnails when thumbnails=false 1`] = `
<MuiThemeProvider theme={{...}}>
  <Provider app={{...}}>
    <WithStyles(ImageSwitcher) thumbnails={false}>
      <ImageSwitcher thumbnails={false} classes={{...}} loadingThumbnailProps={{...}}>
        <WithStyles(Component) className="ImageSwitcher-image-26">
          <Component className="ImageSwitcher-image-26" classes={{...}}>
            <div className="Component-row-27 ImageSwitcher-image-26" style={{...}} />
          </Component>
        </WithStyles(Component)>
      </ImageSwitcher>
    </WithStyles(ImageSwitcher)>
  </Provider>
</MuiThemeProvider>
`;

exports[`Skeleton ImageSwitcher should include thumbnails by default 1`] = `
<MuiThemeProvider theme={{...}}>
  <Provider app={{...}}>
    <WithStyles(ImageSwitcher)>
      <ImageSwitcher classes={{...}} thumbnails={true} loadingThumbnailProps={{...}}>
        <WithStyles(Component) className="ImageSwitcher-image-1">
          <Component className="ImageSwitcher-image-1" classes={{...}}>
            <div className="Component-row-2 ImageSwitcher-image-1" style={{...}} />
          </Component>
        </WithStyles(Component)>
        <WithStyles(Component)>
          <Component classes={{...}}>
            <WithStyles(Component) className="Component-blankRow-9">
              <Component className="Component-blankRow-9" classes={{...}}>
                <div className="Component-row-2 Component-blankRow-9" style={{...}}>
                  <WithStyles(Component) flex={1}>
                    <Component flex={1} classes={{...}}>
                      <div className="Component-space-16" style={{...}} />
                    </Component>
                  </WithStyles(Component)>
                </div>
              </Component>
            </WithStyles(Component)>
          </Component>
        </WithStyles(Component)>
        <WithStyles(Component) height="58px">
          <Component height="58px" classes={{...}}>
            <div className="Component-row-2" style={{...}}>
              <WithStyles(Component)>
                <Component classes={{...}}>
                  <div className="Component-space-16" style={{...}} />
                </Component>
              </WithStyles(Component)>
              <WithStyles(Component) flex="1">
                <Component flex="1" classes={{...}}>
                  <div className={[undefined]} style={{...}} />
                </Component>
              </WithStyles(Component)>
              <WithStyles(Component)>
                <Component classes={{...}}>
                  <div className="Component-space-16" style={{...}} />
                </Component>
              </WithStyles(Component)>
            </div>
          </Component>
        </WithStyles(Component)>
      </ImageSwitcher>
    </WithStyles(ImageSwitcher)>
  </Provider>
</MuiThemeProvider>
`;
